src/components/Auth.tsx(350,23): error TS2304: Cannot find name 'authIdentifier'.
src/components/HR.tsx(844,97): error TS2339: Property 'title' does not exist on type 'Requisition'.
src/components/HR.tsx(845,91): error TS2339: Property 'description' does not exist on type 'Requisition'.
src/components/HR.tsx(846,140): error TS2339: Property 'dateRequired' does not exist on type 'Requisition'.
src/components/HR.tsx(850,99): error TS2339: Property 'estimatedCostCents' does not exist on type 'Requisition'.
src/components/HR.tsx(926,51): error TS2304: Cannot find name 'generatePayslip'.
src/components/Inventory.tsx(525,26): error TS2304: Cannot find name 'uploadStatus'.
src/components/Inventory.tsx(525,81): error TS2304: Cannot find name 'uploadStatus'.
src/components/Inventory.tsx(525,157): error TS2304: Cannot find name 'uploadStatus'.
src/components/Inventory.tsx(667,178): error TS2345: Argument of type 'string' is not assignable to parameter of type 'SetStateAction<"product" | "ingredient" | "reusable" | "rental" | "asset" | "fixture" | "raw_material">'.
src/store/useDataStore.ts(346,31): error TS18047: 'supabase' is possibly 'null'.
src/store/useDataStore.ts(1556,25): error TS2493: Tuple type '[any[] | null, any[] | null, any[] | null, any[] | null, any[] | null, any[] | null, any[] | null, any[] | null, any[] | null, any[] | null, any[] | null, any[] | null, any[] | null, ... 4 more ..., any[] | null]' of length '18' has no element at index '18'.
src/store/useDataStore.ts(1686,66): error TS2345: Argument of type 'any[] | null' is not assignable to parameter of type 'any[]'.
  Type 'null' is not assignable to type 'any[]'.
src/store/useDataStore.ts(1708,66): error TS2345: Argument of type 'any[] | null' is not assignable to parameter of type 'any[]'.
  Type 'null' is not assignable to type 'any[]'.
